# serializer version: 1
# name: test_portainer_containers
  list([
    DockerContainer(names=None, image=None, command=None, created=None, ports=None, labels=None, state=None, status=None, mounts=None, id='aa86eacfb3b3ed4cd362c1e88fc89a53908ad05fb3a4103bca3f9b28292d14bf', image_id='sha256:72297848456d5d37d1262630108ab308d3e9ec7ed1c3286a32fe09856619a782', image_manifest_descriptor=ImageManifestDescriptor(digest='sha256:c0537ff6a5218ef531ece93d4984efc99bbf3f7497c0a7726c88e2bb7584dc96', size=424, urls=['http://example.com'], annotations={'com.docker.official-images.bashbrew.arch': 'amd64', 'org.opencontainers.image.base.digest': 'sha256:0d0ef5c914d3ea700147da1bd050c59edb8bb12ca312f3800b29d7c8087eabd8', 'org.opencontainers.image.base.name': 'scratch', 'org.opencontainers.image.created': '2025-01-27T00:00:00Z', 'org.opencontainers.image.revision': '9fabb4bad5138435b01857e2fe9363e2dc5f6a79', 'org.opencontainers.image.source': 'https://git.launchpad.net/cloud-images/+oci/ubuntu-base', 'org.opencontainers.image.url': 'https://hub.docker.com/_/ubuntu', 'org.opencontainers.image.version': '24.04'}, data=None, platform=ImageManifestDescriptorPlatform(architecture='arm', os='windows', variant='v7', os_version='10.0.19041.1165', os_features=['win32k']), media_type='application/vnd.oci.image.manifest.v1+json', artifact_type=None), size_rw='122880', size_root_fs='1653948416', host_config=HostConfig(annotations=None, network_mode='mynetwork'), network_settings=NetworkSettings(networks=None)),
  ])
# ---
# name: test_portainer_endpoints
  list([
    Endpoint(amt_device_guid='4c4c4544-004b-3910-8037-b6c04f504633', authorized_teams=[1], authorized_users=[1], azure_credentials={'ApplicationID': 'eag7cdo9-o09l-9i83-9dO9-f0b23oe78db4', 'AuthenticationKey': 'cOrXoK/1D35w8YQ8nH1/8ZGwzz45JIYD5jxHKXEQknk=', 'TenantID': '34ddc78d-4fel-2358-8cc1-df84c8o839f5'}, compose_syntax_max_version='3.8', container_engine='docker', edge_checkin_interval=5, edge_id='string', edge_key='string', enable_gpu_management=True, gpus=[{'name': 'name', 'value': 'value'}], group_id=1, heartbeat=True, id=1, is_edge_device=True, kubernetes={'Configuration': {'AllowNoneIngressClass': True, 'EnableResourceOverCommit': True, 'IngressAvailabilityPerNamespace': True, 'IngressClasses': [{'Blocked': True, 'BlockedNamespaces': ['string'], 'Name': 'string', 'Type': 'string'}], 'ResourceOverCommitPercentage': 0, 'RestrictDefaultNamespace': True, 'StorageClasses': [{'AccessModes': ['string'], 'AllowVolumeExpansion': True, 'Name': 'string', 'Provisioner': 'string'}], 'UseLoadBalancer': True, 'UseServerMetrics': True}, 'Flags': {'IsServerIngressClassDetected': True, 'IsServerMetricsDetected': True, 'IsServerStorageDetected': True}, 'Snapshots': [{'DiagnosticsData': {'DNS': {'additionalProp1': 'string', 'additionalProp2': 'string', 'additionalProp3': 'string'}, 'Log': 'string', 'Proxy': {'additionalProp1': 'string', 'additionalProp2': 'string', 'additionalProp3': 'string'}, 'Telnet': {'additionalProp1': 'string', 'additionalProp2': 'string', 'additionalProp3': 'string'}}, 'KubernetesVersion': 'string', 'NodeCount': 0, 'Time': 0, 'TotalCPU': 0, 'TotalMemory': 0}]}, name='my-environment', public_url='docker.mydomain.tld:2375', snapshots=[{'ContainerCount': 0, 'DiagnosticsData': {'DNS': {'additionalProp1': 'string', 'additionalProp2': 'string', 'additionalProp3': 'string'}, 'Log': 'string', 'Proxy': {'additionalProp1': 'string', 'additionalProp2': 'string', 'additionalProp3': 'string'}, 'Telnet': {'additionalProp1': 'string', 'additionalProp2': 'string', 'additionalProp3': 'string'}}, 'DockerSnapshotRaw': {}, 'DockerVersion': 'string', 'GpuUseAll': True, 'GpuUseList': ['string'], 'HealthyContainerCount': 0, 'ImageCount': 0, 'IsPodman': True, 'NodeCount': 0, 'RunningContainerCount': 0, 'ServiceCount': 0, 'StackCount': 0, 'StoppedContainerCount': 0, 'Swarm': True, 'Time': 0, 'TotalCPU': 0, 'TotalMemory': 0, 'UnhealthyContainerCount': 0, 'VolumeCount': 0}], status=1, tls=True, tls_ca_cert='string', tls_cert='string', tls_key='string', tag_ids=[1], tags=['string'], team_access_policies={'additionalProp1': {'RoleId': 1}, 'additionalProp2': {'RoleId': 1}, 'additionalProp3': {'RoleId': 1}}, type=1, url='docker.mydomain.tld:2375', user_access_policies={'additionalProp1': {'RoleId': 1}, 'additionalProp2': {'RoleId': 1}, 'additionalProp3': {'RoleId': 1}}, user_trusted=True, tls_config=TLSConfig(tls=True, tls_ca_cert='/data/tls/ca.pem', tls_cert='/data/tls/cert.pem', tls_key='/data/tls/key.pem', tls_skip_verify=False), agent=Agent(version='1.0.0'), edge=Edge(command_interval=60, ping_interval=60, snapshot_interval=60, async_mode=True), last_check_in_date=0, query_date=0, security_settings=SecuritySettings(allow_bind_mounts_for_regular_users=False, allow_container_capabilities_for_regular_users=True, allow_device_mapping_for_regular_users=True, allow_host_namespace_for_regular_users=True, allow_privileged_mode_for_regular_users=False, allow_stack_management_for_regular_users=True, allow_sysctl_setting_for_regular_users=True, allow_volume_browser_for_regular_users=True, enable_host_management_features=True)),
  ])
# ---
